 
===== Tue 08/04/2026 21:52:26.46 ===== 
kept 3626 rows (2671 pre-listing) | held back 43 fresh
warning: in the working copy of 'README.md', LF will be replaced by CRLF the next time Git touches it
warning: in the working copy of 'run_update.bat', LF will be replaced by CRLF the next time Git touches it
To https://github.com/bcrypto0/scout-alpha-log.git
   8302cb5..ec591b9  main -> main
published through 2026-08-03 and pushed
 
===== Wed 08/05/2026 11:00:01.90 ===== 
kept 3661 rows (2705 pre-listing) | held back 47 fresh
warning: in the working copy of 'README.md', LF will be replaced by CRLF the next time Git touches it
warning: in the working copy of 'update.log', LF will be replaced by CRLF the next time Git touches it
To https://github.com/bcrypto0/scout-alpha-log.git
   ec591b9..2d5d7e9  main -> main
published through 2026-08-04 and pushed
 
===== Thu 08/06/2026 11:00:02.29 ===== 
kept 3708 rows (2746 pre-listing) | held back 44 fresh
warning: in the working copy of 'README.md', LF will be replaced by CRLF the next time Git touches it
warning: in the working copy of 'update.log', LF will be replaced by CRLF the next time Git touches it
To https://github.com/bcrypto0/scout-alpha-log.git
   2d5d7e9..b7758df  main -> main
published through 2026-08-05 and pushed
 
===== Fri 08/07/2026 11:00:02.22 ===== 
kept 3752 rows (2785 pre-listing) | held back 73 fresh
warning: in the working copy of 'README.md', LF will be replaced by CRLF the next time Git touches it
warning: in the working copy of 'update.log', LF will be replaced by CRLF the next time Git touches it
To https://github.com/bcrypto0/scout-alpha-log.git
   b7758df..c54c340  main -> main
published through 2026-08-06 and pushed
 
===== Sat 08/08/2026 11:00:02.58 ===== 
kept 3825 rows (2842 pre-listing) | held back 94 fresh
warning: in the working copy of 'README.md', LF will be replaced by CRLF the next time Git touches it
warning: in the working copy of 'update.log', LF will be replaced by CRLF the next time Git touches it
fatal: unable to access 'https://github.com/bcrypto0/scout-alpha-log.git/': Could not resolve host: github.com
node:internal/errors:985
  const err = new Error(message);
              ^

Error: Command failed: git push origin main
fatal: unable to access 'https://github.com/bcrypto0/scout-alpha-log.git/': Could not resolve host: github.com

    at genericNodeError (node:internal/errors:985:15)
    at wrappedFn (node:internal/errors:539:14)
    at checkExecSyncError (node:child_process:925:11)
    at execFileSync (node:child_process:961:15)
    at git (file:///C:/Users/b39cr/Projects/scout-alpha-log/update.mjs:27:3)
    at file:///C:/Users/b39cr/Projects/scout-alpha-log/update.mjs:120:1
    at ModuleJob.run (node:internal/modules/esm/module_job:439:25)
    at async node:internal/modules/esm/loader:643:26
    at async asyncRunEntryPointWithESMLoader (node:internal/modules/run_main:101:5) {
  status: 128,
  signal: null,
  output: [
    null,
    '',
    "fatal: unable to access 'https://github.com/bcrypto0/scout-alpha-log.git/': Could not resolve host: github.com\n"
  ],
  pid: 20180,
  stdout: '',
  stderr: "fatal: unable to access 'https://github.com/bcrypto0/scout-alpha-log.git/': Could not resolve host: github.com\n"
}

Node.js v24.18.0
 
===== Sun 08/09/2026 11:00:03.38 ===== 
kept 3919 rows (2927 pre-listing) | held back 86 fresh
warning: in the working copy of 'README.md', LF will be replaced by CRLF the next time Git touches it
warning: in the working copy of 'update.log', LF will be replaced by CRLF the next time Git touches it
To https://github.com/bcrypto0/scout-alpha-log.git
   c54c340..a03991e  main -> main
published through 2026-08-07 and pushed
 
===== Mon 08/10/2026 11:00:02.97 ===== 
kept 4005 rows (3013 pre-listing) | held back 58 fresh
warning: in the working copy of 'README.md', LF will be replaced by CRLF the next time Git touches it
warning: in the working copy of 'update.log', LF will be replaced by CRLF the next time Git touches it
fatal: unable to access 'https://github.com/bcrypto0/scout-alpha-log.git/': Could not resolve host: github.com
node:internal/errors:985
  const err = new Error(message);
              ^

Error: Command failed: git push origin main
fatal: unable to access 'https://github.com/bcrypto0/scout-alpha-log.git/': Could not resolve host: github.com

    at genericNodeError (node:internal/errors:985:15)
    at wrappedFn (node:internal/errors:539:14)
    at checkExecSyncError (node:child_process:925:11)
    at execFileSync (node:child_process:961:15)
    at git (file:///C:/Users/b39cr/Projects/scout-alpha-log/update.mjs:27:3)
    at file:///C:/Users/b39cr/Projects/scout-alpha-log/update.mjs:120:1
    at ModuleJob.run (node:internal/modules/esm/module_job:439:25)
    at async node:internal/modules/esm/loader:643:26
    at async asyncRunEntryPointWithESMLoader (node:internal/modules/run_main:101:5) {
  status: 128,
  signal: null,
  output: [
    null,
    '',
    "fatal: unable to access 'https://github.com/bcrypto0/scout-alpha-log.git/': Could not resolve host: github.com\n"
  ],
  pid: 27320,
  stdout: '',
  stderr: "fatal: unable to access 'https://github.com/bcrypto0/scout-alpha-log.git/': Could not resolve host: github.com\n"
}

Node.js v24.18.0
 
===== Tue 08/11/2026 11:00:02.82 ===== 
kept 4063 rows (3070 pre-listing) | held back 100 fresh
warning: in the working copy of 'README.md', LF will be replaced by CRLF the next time Git touches it
warning: in the working copy of 'update.log', LF will be replaced by CRLF the next time Git touches it
To https://github.com/bcrypto0/scout-alpha-log.git
   ec86624..b05f180  main -> main
published through 2026-08-10 and pushed
 
===== Wed 08/12/2026 11:00:01.97 ===== 
kept 4163 rows (3158 pre-listing) | held back 155 fresh
warning: in the working copy of 'README.md', LF will be replaced by CRLF the next time Git touches it
warning: in the working copy of 'update.log', LF will be replaced by CRLF the next time Git touches it
To https://github.com/bcrypto0/scout-alpha-log.git
   b05f180..c1e1b7f  main -> main
published through 2026-08-11 and pushed
 
===== Thu 08/13/2026 11:00:02.00 ===== 
kept 4318 rows (3311 pre-listing) | held back 120 fresh
warning: in the working copy of 'README.md', LF will be replaced by CRLF the next time Git touches it
warning: in the working copy of 'update.log', LF will be replaced by CRLF the next time Git touches it
To https://github.com/bcrypto0/scout-alpha-log.git
   c1e1b7f..22394ba  main -> main
published through 2026-08-12 and pushed
 
===== Fri 08/14/2026 11:00:02.01 ===== 
kept 4438 rows (3431 pre-listing) | held back 10 fresh
warning: in the working copy of 'README.md', LF will be replaced by CRLF the next time Git touches it
warning: in the working copy of 'update.log', LF will be replaced by CRLF the next time Git touches it
To https://github.com/bcrypto0/scout-alpha-log.git
   22394ba..4be0a44  main -> main
published through 2026-08-13 and pushed
 
===== Sat 08/15/2026 11:00:02.01 ===== 
kept 4448 rows (3437 pre-listing) | held back 114 fresh
warning: in the working copy of 'README.md', LF will be replaced by CRLF the next time Git touches it
warning: in the working copy of 'update.log', LF will be replaced by CRLF the next time Git touches it
fatal: unable to access 'https://github.com/bcrypto0/scout-alpha-log.git/': Could not resolve host: github.com
node:internal/errors:985
  const err = new Error(message);
              ^

Error: Command failed: git push origin main
fatal: unable to access 'https://github.com/bcrypto0/scout-alpha-log.git/': Could not resolve host: github.com

    at genericNodeError (node:internal/errors:985:15)
    at wrappedFn (node:internal/errors:539:14)
    at checkExecSyncError (node:child_process:925:11)
    at execFileSync (node:child_process:961:15)
    at git (file:///C:/Users/b39cr/Projects/scout-alpha-log/update.mjs:27:3)
    at file:///C:/Users/b39cr/Projects/scout-alpha-log/update.mjs:138:1
    at ModuleJob.run (node:internal/modules/esm/module_job:439:25)
    at async node:internal/modules/esm/loader:643:26
    at async asyncRunEntryPointWithESMLoader (node:internal/modules/run_main:101:5) {
  status: 128,
  signal: null,
  output: [
    null,
    '',
    "fatal: unable to access 'https://github.com/bcrypto0/scout-alpha-log.git/': Could not resolve host: github.com\n"
  ],
  pid: 13108,
  stdout: '',
  stderr: "fatal: unable to access 'https://github.com/bcrypto0/scout-alpha-log.git/': Could not resolve host: github.com\n"
}

Node.js v24.18.0
 
===== Sun 08/16/2026 11:00:02.05 ===== 
kept 4562 rows (3526 pre-listing) | held back 117 fresh
warning: in the working copy of 'README.md', LF will be replaced by CRLF the next time Git touches it
warning: in the working copy of 'update.log', LF will be replaced by CRLF the next time Git touches it
To https://github.com/bcrypto0/scout-alpha-log.git
   4be0a44..be2bae4  main -> main
published through 2026-08-14 and pushed
 
===== Mon 08/17/2026 11:00:02.07 ===== 
kept 4679 rows (3643 pre-listing) | held back 62 fresh
warning: in the working copy of 'README.md', LF will be replaced by CRLF the next time Git touches it
warning: in the working copy of 'update.log', LF will be replaced by CRLF the next time Git touches it
To https://github.com/bcrypto0/scout-alpha-log.git
   be2bae4..f5d810c  main -> main
published through 2026-08-16 and pushed
 
===== Tue 08/18/2026 11:00:02.07 ===== 
kept 4741 rows (3705 pre-listing) | held back 109 fresh
warning: in the working copy of 'README.md', LF will be replaced by CRLF the next time Git touches it
warning: in the working copy of 'update.log', LF will be replaced by CRLF the next time Git touches it
To https://github.com/bcrypto0/scout-alpha-log.git
   f5d810c..e984638  main -> main
published through 2026-08-17 and pushed
 
===== Wed 08/19/2026 11:00:02.10 ===== 
kept 4850 rows (3806 pre-listing) | held back 190 fresh
warning: in the working copy of 'README.md', LF will be replaced by CRLF the next time Git touches it
warning: in the working copy of 'update.log', LF will be replaced by CRLF the next time Git touches it
To https://github.com/bcrypto0/scout-alpha-log.git
   e984638..9fb235d  main -> main
published through 2026-08-18 and pushed
 
===== Thu 08/20/2026 11:00:02.09 ===== 
kept 5040 rows (3990 pre-listing) | held back 10 fresh
warning: in the working copy of 'README.md', LF will be replaced by CRLF the next time Git touches it
warning: in the working copy of 'update.log', LF will be replaced by CRLF the next time Git touches it
To https://github.com/bcrypto0/scout-alpha-log.git
   9fb235d..1872cf1  main -> main
published through 2026-08-19 and pushed
 
===== Fri 08/21/2026 11:00:02.00 ===== 
kept 5050 rows (3995 pre-listing) | held back 198 fresh
warning: in the working copy of 'README.md', LF will be replaced by CRLF the next time Git touches it
warning: in the working copy of 'update.log', LF will be replaced by CRLF the next time Git touches it
To https://github.com/bcrypto0/scout-alpha-log.git
   1872cf1..82526f0  main -> main
published through 2026-08-20 and pushed
 
===== Sat 08/22/2026 11:00:02.01 ===== 
kept 5248 rows (4178 pre-listing) | held back 91 fresh
warning: in the working copy of 'README.md', LF will be replaced by CRLF the next time Git touches it
warning: in the working copy of 'update.log', LF will be replaced by CRLF the next time Git touches it
To https://github.com/bcrypto0/scout-alpha-log.git
   82526f0..9aee6c4  main -> main
published through 2026-08-21 and pushed
 
===== Sun 08/23/2026 11:00:02.06 ===== 
kept 5339 rows (4268 pre-listing) | held back 63 fresh
warning: in the working copy of 'README.md', LF will be replaced by CRLF the next time Git touches it
warning: in the working copy of 'update.log', LF will be replaced by CRLF the next time Git touches it
To https://github.com/bcrypto0/scout-alpha-log.git
   9aee6c4..20c8b46  main -> main
published through 2026-08-22 and pushed
 
===== Mon 08/24/2026 11:00:02.17 ===== 
kept 5402 rows (4330 pre-listing) | held back 208 fresh
warning: in the working copy of 'README.md', LF will be replaced by CRLF the next time Git touches it
warning: in the working copy of 'update.log', LF will be replaced by CRLF the next time Git touches it
To https://github.com/bcrypto0/scout-alpha-log.git
   20c8b46..e809ad3  main -> main
published through 2026-08-23 and pushed
 
===== Tue 08/25/2026 11:00:02.21 ===== 
kept 5610 rows (4536 pre-listing) | held back 49 fresh
warning: in the working copy of 'README.md', LF will be replaced by CRLF the next time Git touches it
warning: in the working copy of 'update.log', LF will be replaced by CRLF the next time Git touches it
To https://github.com/bcrypto0/scout-alpha-log.git
   e809ad3..1e8c52e  main -> main
published through 2026-08-24 and pushed
 
===== Wed 08/26/2026 11:00:01.52 ===== 
kept 5659 rows (4581 pre-listing) | held back 93 fresh
warning: in the working copy of 'README.md', LF will be replaced by CRLF the next time Git touches it
warning: in the working copy of 'update.log', LF will be replaced by CRLF the next time Git touches it
To https://github.com/bcrypto0/scout-alpha-log.git
   1e8c52e..c2de762  main -> main
published through 2026-08-25 and pushed
 
===== Thu 08/27/2026 11:00:01.45 ===== 
kept 5752 rows (4667 pre-listing) | held back 162 fresh
warning: in the working copy of 'README.md', LF will be replaced by CRLF the next time Git touches it
warning: in the working copy of 'update.log', LF will be replaced by CRLF the next time Git touches it
fatal: unable to access 'https://github.com/bcrypto0/scout-alpha-log.git/': Failed to connect to github.com port 443 after 2541 ms: Could not connect to server
node:internal/errors:985
  const err = new Error(message);
              ^

Error: Command failed: git push origin main
fatal: unable to access 'https://github.com/bcrypto0/scout-alpha-log.git/': Failed to connect to github.com port 443 after 2541 ms: Could not connect to server

    at genericNodeError (node:internal/errors:985:15)
    at wrappedFn (node:internal/errors:539:14)
    at checkExecSyncError (node:child_process:925:11)
    at execFileSync (node:child_process:961:15)
    at git (file:///C:/Users/b39cr/Projects/scout-alpha-log/update.mjs:27:3)
    at file:///C:/Users/b39cr/Projects/scout-alpha-log/update.mjs:138:1
    at ModuleJob.run (node:internal/modules/esm/module_job:439:25)
    at async node:internal/modules/esm/loader:643:26
    at async asyncRunEntryPointWithESMLoader (node:internal/modules/run_main:101:5) {
  status: 128,
  signal: null,
  output: [
    null,
    '',
    "fatal: unable to access 'https://github.com/bcrypto0/scout-alpha-log.git/': Failed to connect to github.com port 443 after 2541 ms: Could not connect to server\n"
  ],
  pid: 21596,
  stdout: '',
  stderr: "fatal: unable to access 'https://github.com/bcrypto0/scout-alpha-log.git/': Failed to connect to github.com port 443 after 2541 ms: Could not connect to server\n"
}

Node.js v24.18.0
 
===== Fri 08/28/2026 11:00:01.55 ===== 
kept 5914 rows (4821 pre-listing) | held back 81 fresh
warning: in the working copy of 'README.md', LF will be replaced by CRLF the next time Git touches it
warning: in the working copy of 'update.log', LF will be replaced by CRLF the next time Git touches it
To https://github.com/bcrypto0/scout-alpha-log.git
   c2de762..cba76cd  main -> main
published through 2026-08-27 and pushed
 
===== Sat 08/29/2026 11:00:01.58 ===== 
kept 5995 rows (4888 pre-listing) | held back 99 fresh
warning: in the working copy of 'README.md', LF will be replaced by CRLF the next time Git touches it
warning: in the working copy of 'update.log', LF will be replaced by CRLF the next time Git touches it
To https://github.com/bcrypto0/scout-alpha-log.git
   cba76cd..88e3337  main -> main
published through 2026-08-28 and pushed
 
===== Sun 08/30/2026 11:00:01.67 ===== 
kept 6094 rows (4985 pre-listing) | held back 117 fresh
warning: in the working copy of 'README.md', LF will be replaced by CRLF the next time Git touches it
warning: in the working copy of 'update.log', LF will be replaced by CRLF the next time Git touches it
To https://github.com/bcrypto0/scout-alpha-log.git
   88e3337..2b282ba  main -> main
published through 2026-08-29 and pushed
 
===== Mon 08/31/2026 11:00:01.72 ===== 
kept 6211 rows (5102 pre-listing) | held back 147 fresh
warning: in the working copy of 'README.md', LF will be replaced by CRLF the next time Git touches it
warning: in the working copy of 'update.log', LF will be replaced by CRLF the next time Git touches it
To https://github.com/bcrypto0/scout-alpha-log.git
   2b282ba..fa4e121  main -> main
published through 2026-08-30 and pushed
 
===== Tue 09/01/2026 11:00:01.75 ===== 
kept 6358 rows (5249 pre-listing) | held back 72 fresh
warning: in the working copy of 'README.md', LF will be replaced by CRLF the next time Git touches it
warning: in the working copy of 'update.log', LF will be replaced by CRLF the next time Git touches it
To https://github.com/bcrypto0/scout-alpha-log.git
   fa4e121..c558068  main -> main
published through 2026-08-31 and pushed
 
===== Wed 09/02/2026 11:00:01.78 ===== 
kept 6430 rows (5314 pre-listing) | held back 151 fresh
warning: in the working copy of 'README.md', LF will be replaced by CRLF the next time Git touches it
warning: in the working copy of 'update.log', LF will be replaced by CRLF the next time Git touches it
To https://github.com/bcrypto0/scout-alpha-log.git
   c558068..9580af5  main -> main
published through 2026-09-01 and pushed
 
===== Thu 09/03/2026 12:28:19.16 ===== 
kept 6586 rows (5460 pre-listing) | held back 134 fresh
warning: in the working copy of 'README.md', LF will be replaced by CRLF the next time Git touches it
warning: in the working copy of 'update.log', LF will be replaced by CRLF the next time Git touches it
To https://github.com/bcrypto0/scout-alpha-log.git
   9580af5..eb7b4f7  main -> main
published through 2026-09-02 and pushed
 
===== Fri 09/04/2026 11:00:01.84 ===== 
kept 6720 rows (5585 pre-listing) | held back 72 fresh
warning: in the working copy of 'README.md', LF will be replaced by CRLF the next time Git touches it
warning: in the working copy of 'update.log', LF will be replaced by CRLF the next time Git touches it
To https://github.com/bcrypto0/scout-alpha-log.git
   eb7b4f7..bd2f656  main -> main
published through 2026-09-03 and pushed
 
===== Sat 09/05/2026 11:00:01.65 ===== 
